// Jest Snapshot v1, https://goo.gl/fbAQLP

exports[`Arch Bot Repository Created Creates an Issue in Admin Repository 1`] = `
[MockFunction] {
  "calls": Array [
    Array [
      Object {
        "assignees": Array [
          "johnkpaul",
          "gautamarora",
        ],
        "body": "Repository Name: <a href=\\"https://github.com/choosenearme/sturdy-invention\\">choosenearme/sturdy-invention</a>
Created By: <a href=\\"https://github.com/gautamarora\\">gautamarora</a>

<!-- probot = {\\"6732\\":{\\"type\\":\\"fyi\\",\\"org\\":\\"choosenearme\\",\\"repo\\":\\"sturdy-invention\\",\\"repoCreator\\":\\"gautamarora\\"}} -->
",
        "labels": Array [
          "repo-created",
        ],
        "number": undefined,
        "owner": "choosenearme",
        "repo": "fyis",
        "title": "Repo Created: choosenearme/sturdy-invention",
      },
    ],
  ],
}
`;
